components/TaskSummaryView.tsx(38,17): error TS2353: Object literal may only specify known properties, and 'scale' does not exist in type 'Html2CanvasOptions'.
